[00:02:36] [Netty Epoll Server IO #4/INFO]: [do_a_barrel_roll] Client of FABERIK360 accepted server config.
[00:02:37] [Netty Epoll Server IO #3/INFO]: [do_a_barrel_roll] Client of Wesnoth24 accepted server config.
[00:02:41] [Worker-Main-2/WARN]: Empty or non-existent pool: minecraft:
[00:02:41] [Worker-Main-2/WARN]: Empty or non-existent pool: minecraft:
[00:02:41] [Worker-Main-2/WARN]: Empty or non-existent pool: minecraft:
[00:02:41] [Worker-Main-2/WARN]: Empty or non-existent pool: minecraft:
[00:02:41] [Worker-Main-2/WARN]: Empty or non-existent pool: minecraft:
[00:02:41] [Worker-Main-2/WARN]: Empty or non-existent pool: minecraft:
[00:02:41] [Worker-Main-2/WARN]: Empty or non-existent pool: minecraft:
[00:02:41] [Worker-Main-2/WARN]: Empty or non-existent pool: minecraft:
[00:02:41] [Worker-Main-2/WARN]: Empty or non-existent pool: minecraft:
[00:02:41] [Worker-Main-2/WARN]: Empty or non-existent pool: minecraft:
[00:02:41] [Worker-Main-2/WARN]: Empty or non-existent pool: minecraft:
[00:02:41] [Worker-Main-2/WARN]: Empty or non-existent pool: minecraft:
[00:02:41] [Worker-Main-2/WARN]: Empty or non-existent pool: minecraft:
[00:02:41] [Worker-Main-2/WARN]: Empty or non-existent pool: minecraft:
[00:02:41] [Worker-Main-2/WARN]: Empty or non-existent pool: minecraft:
[00:02:41] [Worker-Main-2/WARN]: Empty or non-existent pool: minecraft:
[00:02:41] [Worker-Main-2/WARN]: Empty or non-existent pool: minecraft:
[00:02:41] [Worker-Main-2/WARN]: Empty or non-existent pool: minecraft:
[00:02:41] [Worker-Main-2/WARN]: Empty or non-existent pool: minecraft:
[00:02:41] [Worker-Main-2/WARN]: Empty or non-existent pool: minecraft:
[00:02:41] [Worker-Main-2/WARN]: Empty or non-existent pool: minecraft:
[00:02:41] [Worker-Main-2/WARN]: Empty or non-existent pool: minecraft:
[00:02:41] [Worker-Main-2/WARN]: Empty or non-existent pool: minecraft:
[00:02:41] [Worker-Main-2/WARN]: Empty or non-existent pool: minecraft:
[00:02:41] [Worker-Main-2/WARN]: Empty or non-existent pool: minecraft:
[00:02:41] [Worker-Main-2/WARN]: Empty or non-existent pool: minecraft:
[00:02:41] [Worker-Main-2/WARN]: Empty or non-existent pool: minecraft:
[00:02:41] [Worker-Main-2/WARN]: Empty or non-existent pool: minecraft:
[00:02:41] [Worker-Main-2/WARN]: Empty or non-existent pool: minecraft:
[00:02:41] [Worker-Main-2/WARN]: Empty or non-existent pool: minecraft:
[00:02:42] [Worker-Main-2/WARN]: Empty or non-existent pool: minecraft:
[00:02:42] [Worker-Main-2/WARN]: Empty or non-existent pool: minecraft:
[00:02:42] [Worker-Main-2/WARN]: Empty or non-existent pool: minecraft:
[00:02:42] [Worker-Main-2/WARN]: Empty or non-existent pool: minecraft:
[00:02:42] [Worker-Main-2/WARN]: Empty or non-existent pool: minecraft:
[00:02:42] [Worker-Main-2/WARN]: Empty or non-existent pool: minecraft:
[00:02:42] [Worker-Main-2/WARN]: Empty or non-existent pool: minecraft:
[00:02:42] [Worker-Main-2/WARN]: Empty or non-existent pool: minecraft:
[00:02:42] [Worker-Main-2/WARN]: Empty or non-existent pool: minecraft:
[00:02:42] [Worker-Main-2/WARN]: Empty or non-existent pool: minecraft:
[00:02:42] [Worker-Main-2/WARN]: Empty or non-existent pool: minecraft:
[00:02:42] [Worker-Main-2/WARN]: Empty or non-existent pool: minecraft:
[00:02:42] [Worker-Main-2/WARN]: Empty or non-existent pool: minecraft:
[00:02:42] [Worker-Main-2/WARN]: Empty or non-existent pool: minecraft:
[00:02:42] [Worker-Main-2/WARN]: Empty or non-existent pool: minecraft:
[00:02:42] [Worker-Main-2/WARN]: Empty or non-existent pool: minecraft:
[00:02:42] [Worker-Main-2/WARN]: Empty or non-existent pool: minecraft:
[00:02:42] [Worker-Main-2/WARN]: Empty or non-existent pool: minecraft:
[00:02:42] [Worker-Main-2/WARN]: Empty or non-existent pool: minecraft:
[00:02:42] [Worker-Main-2/WARN]: Empty or non-existent pool: minecraft:
[00:02:42] [Worker-Main-2/WARN]: Empty or non-existent pool: minecraft:
[00:02:42] [Worker-Main-2/WARN]: Empty or non-existent pool: minecraft:
[00:02:42] [Worker-Main-2/WARN]: Empty or non-existent pool: minecraft:
[00:02:42] [Worker-Main-2/WARN]: Empty or non-existent pool: minecraft:
[00:02:42] [Worker-Main-2/WARN]: Empty or non-existent pool: minecraft:
[00:02:42] [Worker-Main-2/WARN]: Empty or non-existent pool: minecraft:
[00:02:42] [Worker-Main-2/WARN]: Empty or non-existent pool: minecraft:
[00:02:42] [Worker-Main-2/WARN]: Empty or non-existent pool: minecraft:
[00:02:42] [Worker-Main-2/WARN]: Empty or non-existent pool: minecraft:
[00:02:42] [Worker-Main-2/WARN]: Empty or non-existent pool: minecraft:
[00:02:42] [Worker-Main-2/WARN]: Empty or non-existent pool: minecraft:
[00:02:42] [Worker-Main-2/WARN]: Empty or non-existent pool: minecraft:
[00:02:42] [Worker-Main-2/WARN]: Empty or non-existent pool: minecraft:
[00:02:42] [Worker-Main-2/WARN]: Empty or non-existent pool: minecraft:
[00:02:42] [Worker-Main-2/WARN]: Empty or non-existent pool: minecraft:
[00:02:42] [Worker-Main-2/WARN]: Empty or non-existent pool: minecraft:
[00:02:42] [Worker-Main-2/WARN]: Empty or non-existent pool: minecraft:
[00:02:42] [Worker-Main-2/WARN]: Empty or non-existent pool: minecraft:
[00:02:42] [Worker-Main-2/WARN]: Empty or non-existent pool: minecraft:
[00:02:42] [Worker-Main-2/WARN]: Empty or non-existent pool: minecraft:
[00:02:42] [Worker-Main-2/WARN]: Empty or non-existent pool: minecraft:
[00:02:42] [Worker-Main-2/WARN]: Empty or non-existent pool: minecraft:
[00:02:42] [Worker-Main-2/WARN]: Empty or non-existent pool: minecraft:
[00:02:42] [Worker-Main-2/WARN]: Empty or non-existent pool: minecraft:
[00:02:42] [Worker-Main-2/WARN]: Empty or non-existent pool: minecraft:
[00:02:42] [Worker-Main-2/WARN]: Empty or non-existent pool: minecraft:
[00:02:42] [Worker-Main-2/WARN]: Empty or non-existent pool: minecraft:
[00:02:42] [Worker-Main-2/WARN]: Empty or non-existent pool: minecraft:
[00:02:42] [Worker-Main-2/WARN]: Empty or non-existent pool: minecraft:
[00:02:42] [Worker-Main-2/WARN]: Empty or non-existent pool: minecraft:
[00:02:42] [Worker-Main-2/WARN]: Empty or non-existent pool: minecraft:
[00:02:42] [Worker-Main-2/WARN]: Empty or non-existent pool: minecraft:
[00:02:42] [Worker-Main-2/WARN]: Empty or non-existent pool: minecraft:
[00:02:42] [Worker-Main-2/WARN]: Empty or non-existent pool: minecraft:
[00:02:42] [Worker-Main-2/WARN]: Empty or non-existent pool: minecraft:
[00:02:42] [Worker-Main-2/WARN]: Empty or non-existent pool: minecraft:
[00:02:42] [Worker-Main-2/WARN]: Empty or non-existent pool: minecraft:
[00:02:42] [Worker-Main-2/WARN]: Empty or non-existent pool: minecraft:
[00:02:42] [Worker-Main-2/WARN]: Empty or non-existent pool: minecraft:
[00:02:42] [Worker-Main-2/WARN]: Empty or non-existent pool: minecraft:
[00:02:42] [Worker-Main-2/WARN]: Empty or non-existent pool: minecraft:
[00:02:42] [Worker-Main-2/WARN]: Empty or non-existent pool: minecraft:
[00:02:42] [Worker-Main-2/WARN]: Empty or non-existent pool: minecraft:
[00:02:42] [Worker-Main-2/WARN]: Empty or non-existent pool: minecraft:
[00:02:42] [Worker-Main-2/WARN]: Empty or non-existent pool: minecraft:
[00:02:42] [Worker-Main-2/WARN]: Empty or non-existent pool: minecraft:
[00:02:42] [Worker-Main-2/WARN]: Empty or non-existent pool: minecraft:
[00:02:42] [Worker-Main-2/WARN]: Empty or non-existent pool: minecraft:
[00:02:42] [Netty Epoll Server IO #4/INFO]: [do_a_barrel_roll] Client of FABERIK360 accepted server config.
[00:02:46] [Server thread/WARN]: Can't keep up! Is the server overloaded? Running 4934ms or 98 ticks behind
[00:02:47] [Netty Epoll Server IO #3/INFO]: [do_a_barrel_roll] Client of Wesnoth24 accepted server config.
[00:03:48] [Server thread/INFO]: Wesnoth24 lost connection: Disconnected
[00:03:48] [Server thread/INFO]: Wesnoth24 left the game
[00:03:48] [Server thread/INFO]: remove player wand
[00:03:48] [Server thread/INFO]: Updating all forceload tickets for 18997203-08e9-4cae-86d4-afd3eae222a6
[00:03:50] [Server thread/INFO]: FABERIK360 lost connection: Disconnected
[00:03:50] [Server thread/INFO]: FABERIK360 left the game
[00:03:50] [Server thread/INFO]: remove player wand
[00:03:50] [Server thread/INFO]: Updating all forceload tickets for c128ad53-b0cf-48e8-b08d-e2abd9fce5b8
[00:04:02] [Server thread/INFO]: Stopping the server
[00:04:02] [Server thread/INFO]: Invalidated damage temperature effect registry cache
[00:04:02] [Server thread/INFO]: Resetting environment controller...
[00:04:02] [Server thread/INFO]: Stopping server
[00:04:02] [Server thread/INFO]: Saving players
[00:04:02] [Server thread/INFO]: Saving worlds
[00:04:03] [Server thread/INFO]: Saving chunks for level 'ServerLevel[world]'/minecraft:overworld
[00:04:05] [Server thread/INFO]: Saving chunks for level 'ServerLevel[world]'/minecraft:the_nether
[00:04:05] [Server thread/INFO]: Saving chunks for level 'ServerLevel[world]'/spellbladenext:glassocean
[00:04:05] [Server thread/INFO]: Saving chunks for level 'ServerLevel[world]'/ad_astra:mars
[00:04:05] [Server thread/INFO]: Saving chunks for level 'ServerLevel[world]'/ad_astra:mars_orbit
[00:04:05] [Server thread/INFO]: Saving chunks for level 'ServerLevel[world]'/ad_astra:venus
[00:04:05] [Server thread/INFO]: Saving chunks for level 'ServerLevel[world]'/ad_astra:glacio_orbit
[00:04:05] [Server thread/INFO]: Saving chunks for level 'ServerLevel[world]'/ad_astra:mercury
[00:04:05] [Server thread/INFO]: Saving chunks for level 'ServerLevel[world]'/ad_astra:moon
[00:04:05] [Server thread/INFO]: Saving chunks for level 'ServerLevel[world]'/minecells:promenade
[00:04:05] [Server thread/INFO]: Saving chunks for level 'ServerLevel[world]'/ad_astra:glacio
[00:04:05] [Server thread/INFO]: Saving chunks for level 'ServerLevel[world]'/minecells:black_bridge
[00:04:05] [Server thread/INFO]: Saving chunks for level 'ServerLevel[world]'/prominent:cinderstone_depths
[00:04:05] [Server thread/INFO]: Saving chunks for level 'ServerLevel[world]'/minecraft:the_end
[00:04:05] [Server thread/INFO]: Saving chunks for level 'ServerLevel[world]'/ad_astra:mercury_orbit
[00:04:05] [Server thread/INFO]: Saving chunks for level 'ServerLevel[world]'/deeperdarker:otherside
[00:04:05] [Server thread/INFO]: Saving chunks for level 'ServerLevel[world]'/ad_astra:earth_orbit
[00:04:05] [Server thread/INFO]: Saving chunks for level 'ServerLevel[world]'/minecells:ramparts
[00:04:05] [Server thread/INFO]: Saving chunks for level 'ServerLevel[world]'/minecells:insufferable_crypt
[00:04:05] [Server thread/INFO]: Saving chunks for level 'ServerLevel[world]'/ad_astra:venus_orbit
[00:04:05] [Server thread/INFO]: Saving chunks for level 'ServerLevel[world]'/minecells:prison
[00:04:05] [Server thread/INFO]: Saving chunks for level 'ServerLevel[world]'/the_bumblezone:the_bumblezone
[00:04:05] [Server thread/INFO]: Saving chunks for level 'ServerLevel[world]'/ad_astra:moon_orbit
[00:04:05] [Server thread/INFO]: Saving chunks for level 'ServerLevel[world]'/prominent:vaaz_volcano
[00:04:05] [Server thread/INFO]: Saving chunks for level 'ServerLevel[world]'/ae2:spatial_storage
[00:04:05] [Server thread/INFO]: ThreadedAnvilChunkStorage (world): All chunks are saved
[00:04:05] [Server thread/INFO]: ThreadedAnvilChunkStorage (DIM-1): All chunks are saved
[00:04:05] [Server thread/INFO]: ThreadedAnvilChunkStorage (glassocean): All chunks are saved
[00:04:05] [Server thread/INFO]: ThreadedAnvilChunkStorage (mars): All chunks are saved
[00:04:05] [Server thread/INFO]: ThreadedAnvilChunkStorage (mars_orbit): All chunks are saved
[00:04:05] [Server thread/INFO]: ThreadedAnvilChunkStorage (venus): All chunks are saved
[00:04:05] [Server thread/INFO]: ThreadedAnvilChunkStorage (glacio_orbit): All chunks are saved
[00:04:05] [Server thread/INFO]: ThreadedAnvilChunkStorage (mercury): All chunks are saved
[00:04:05] [Server thread/INFO]: ThreadedAnvilChunkStorage (moon): All chunks are saved
[00:04:05] [Server thread/INFO]: ThreadedAnvilChunkStorage (promenade): All chunks are saved
[00:04:05] [Server thread/INFO]: ThreadedAnvilChunkStorage (glacio): All chunks are saved
[00:04:05] [Server thread/INFO]: ThreadedAnvilChunkStorage (black_bridge): All chunks are saved
[00:04:05] [Server thread/INFO]: ThreadedAnvilChunkStorage (cinderstone_depths): All chunks are saved
[00:04:05] [Server thread/INFO]: ThreadedAnvilChunkStorage (DIM1): All chunks are saved
[00:04:05] [Server thread/INFO]: ThreadedAnvilChunkStorage (mercury_orbit): All chunks are saved
[00:04:05] [Server thread/INFO]: ThreadedAnvilChunkStorage (otherside): All chunks are saved
[00:04:05] [Server thread/INFO]: ThreadedAnvilChunkStorage (earth_orbit): All chunks are saved
[00:04:05] [Server thread/INFO]: ThreadedAnvilChunkStorage (ramparts): All chunks are saved
[00:04:05] [Server thread/INFO]: ThreadedAnvilChunkStorage (insufferable_crypt): All chunks are saved
[00:04:05] [Server thread/INFO]: ThreadedAnvilChunkStorage (venus_orbit): All chunks are saved
[00:04:05] [Server thread/INFO]: ThreadedAnvilChunkStorage (prison): All chunks are saved
[00:04:05] [Server thread/INFO]: ThreadedAnvilChunkStorage (the_bumblezone): All chunks are saved
[00:04:05] [Server thread/INFO]: ThreadedAnvilChunkStorage (moon_orbit): All chunks are saved
[00:04:05] [Server thread/INFO]: ThreadedAnvilChunkStorage (vaaz_volcano): All chunks are saved
[00:04:05] [Server thread/INFO]: ThreadedAnvilChunkStorage (spatial_storage): All chunks are saved
[00:04:05] [Server thread/INFO]: ThreadedAnvilChunkStorage: All dimensions are saved
[00:04:05] [Server thread/INFO]: Stopping IO worker...
[00:04:05] [Server thread/INFO]: Stopped IO worker!
